// Jest Snapshot v1, https://goo.gl/fbAQLP

exports[`App renders correctly 1`] = `
<div
  class="App"
>
  <header>
    <h1>
      Reactify
    </h1>
  </header>
  <nav>
    <ul>
      <li>
        <a
          aria-current="page"
          class="active"
          href="/"
        >
          Inicio
        </a>
      </li>
      <li>
        <a
          href="/login"
        >
          Login
        </a>
      </li>
      <li>
        <a
          href="/albums"
        >
          Albums
        </a>
      </li>
      <li>
        <a
          href="/history"
        >
          Historial de Reproducción
        </a>
      </li>
      <li>
        <a
          hidden=""
          href="/profile"
        >
          Perfil
        </a>
      </li>
    </ul>
  </nav>
  <main>
    <p>
      Esta es una selección de canciones sugeridas:
    </p>
    <ul />
    <form>
      <label
        for="searchSong"
      >
        Si lo prefieres puedes buscar tu canción preferida
      </label>
      <input
        id="searchSong"
        placeholder="Título de la canción..."
        type="text"
      />
      <button>
        Buscar
      </button>
    </form>
  </main>
</div>
`;
